a:5:{s:4:"name";s:41:"/files/http/rl.phiexz.com/files/query.xxx";s:4:"size";s:7:"Unknown";s:4:"date";i:1397132793;s:4:"link";s:139:"http://download.venturecdn.com/mania/query.php?q=Video+Copilot+Element+3D+V1.6.1.rar&ti1=1005000&ti2=1&ti3=2014-04-10T12:25:54.191946+00:00";s:7:"comment";s:0:"";}
a:5:{s:4:"name";s:33:"/files/http/rl.phiexz.com/files/1";s:4:"size";s:7:"Unknown";s:4:"date";i:1397132828;s:4:"link";s:87:"http://venturecdn.com/download/getfile/1005000/1/?q=Video Copilot Element 3D V1.6.1.rar";s:7:"comment";s:0:"";}
a:5:{s:4:"name";s:44:"/files/http/rl.phiexz.com/files/m14kz8b9bmrc";s:4:"size";s:7:"Unknown";s:4:"date";i:1397136980;s:4:"link";s:33:"http://180upload.com/m14kz8b9bmrc";s:7:"comment";s:0:"";}
a:5:{s:4:"name";s:58:"/files/http/rl.phiexz.com/files/769_mknr_01_hd_fbi_acb.mkv";s:4:"size";s:9:"101.52 MB";s:4:"date";i:1397137666;s:4:"link";s:88:"http://download887.mediafire.com/0is2ly2z60ng/ggiosq1l24pi10i/769_mknr_01_hd_fbi_acb.mkv";s:7:"comment";s:0:"";}
a:5:{s:4:"name";s:66:"/files/http/rl.phiexz.com/files/Xperia_SP_eXistenZ_Ultra_3.0.0.zip";s:4:"size";s:9:"826.05 MB";s:4:"date";i:1397157886;s:4:"link";s:158:"http://gfs270n049.userstorage.mega.co.nz/dl/ct5TRELkygRoUgKqhxAD2A3pClLtQuJizVWwhYLUbstwlddRcxsdUkYhNl6O9HvhrYSpj5p3i2pP-YKMtnmmYEg5BSC6KnpPxuspRQOMh200O8mL_g";s:7:"comment";s:0:"";}
a:3:{s:4:"name";s:70:"/files/http/rl.phiexz.com/files/Xperia_SP_eXistenZ_Ultra_3.0.0.zip.crc";s:4:"size";s:7:"77.00 B";s:4:"date";i:1397157966;}
a:3:{s:4:"name";s:70:"/files/http/rl.phiexz.com/files/Xperia_SP_eXistenZ_Ultra_3.0.0.zip.001";s:4:"size";s:8:"50.00 MB";s:4:"date";i:1397157967;}
a:3:{s:4:"name";s:70:"/files/http/rl.phiexz.com/files/Xperia_SP_eXistenZ_Ultra_3.0.0.zip.002";s:4:"size";s:8:"50.00 MB";s:4:"date";i:1397157968;}
a:3:{s:4:"name";s:70:"/files/http/rl.phiexz.com/files/Xperia_SP_eXistenZ_Ultra_3.0.0.zip.003";s:4:"size";s:8:"50.00 MB";s:4:"date";i:1397157969;}
a:3:{s:4:"name";s:70:"/files/http/rl.phiexz.com/files/Xperia_SP_eXistenZ_Ultra_3.0.0.zip.004";s:4:"size";s:8:"50.00 MB";s:4:"date";i:1397157970;}
a:3:{s:4:"name";s:70:"/files/http/rl.phiexz.com/files/Xperia_SP_eXistenZ_Ultra_3.0.0.zip.005";s:4:"size";s:8:"50.00 MB";s:4:"date";i:1397157971;}
a:3:{s:4:"name";s:70:"/files/http/rl.phiexz.com/files/Xperia_SP_eXistenZ_Ultra_3.0.0.zip.006";s:4:"size";s:8:"50.00 MB";s:4:"date";i:1397157972;}
a:3:{s:4:"name";s:70:"/files/http/rl.phiexz.com/files/Xperia_SP_eXistenZ_Ultra_3.0.0.zip.007";s:4:"size";s:8:"50.00 MB";s:4:"date";i:1397157973;}
a:3:{s:4:"name";s:70:"/files/http/rl.phiexz.com/files/Xperia_SP_eXistenZ_Ultra_3.0.0.zip.008";s:4:"size";s:8:"50.00 MB";s:4:"date";i:1397157974;}
a:3:{s:4:"name";s:70:"/files/http/rl.phiexz.com/files/Xperia_SP_eXistenZ_Ultra_3.0.0.zip.009";s:4:"size";s:8:"50.00 MB";s:4:"date";i:1397157975;}
a:3:{s:4:"name";s:70:"/files/http/rl.phiexz.com/files/Xperia_SP_eXistenZ_Ultra_3.0.0.zip.010";s:4:"size";s:8:"50.00 MB";s:4:"date";i:1397157976;}
a:3:{s:4:"name";s:70:"/files/http/rl.phiexz.com/files/Xperia_SP_eXistenZ_Ultra_3.0.0.zip.011";s:4:"size";s:8:"50.00 MB";s:4:"date";i:1397157977;}
a:3:{s:4:"name";s:70:"/files/http/rl.phiexz.com/files/Xperia_SP_eXistenZ_Ultra_3.0.0.zip.012";s:4:"size";s:8:"50.00 MB";s:4:"date";i:1397157978;}
a:3:{s:4:"name";s:70:"/files/http/rl.phiexz.com/files/Xperia_SP_eXistenZ_Ultra_3.0.0.zip.013";s:4:"size";s:8:"50.00 MB";s:4:"date";i:1397157979;}
a:3:{s:4:"name";s:70:"/files/http/rl.phiexz.com/files/Xperia_SP_eXistenZ_Ultra_3.0.0.zip.014";s:4:"size";s:8:"50.00 MB";s:4:"date";i:1397157980;}
a:3:{s:4:"name";s:70:"/files/http/rl.phiexz.com/files/Xperia_SP_eXistenZ_Ultra_3.0.0.zip.015";s:4:"size";s:8:"50.00 MB";s:4:"date";i:1397157981;}
a:3:{s:4:"name";s:70:"/files/http/rl.phiexz.com/files/Xperia_SP_eXistenZ_Ultra_3.0.0.zip.016";s:4:"size";s:8:"50.00 MB";s:4:"date";i:1397157982;}
a:3:{s:4:"name";s:70:"/files/http/rl.phiexz.com/files/Xperia_SP_eXistenZ_Ultra_3.0.0.zip.017";s:4:"size";s:8:"26.05 MB";s:4:"date";i:1397157983;}
a:5:{s:4:"name";s:115:"/files/http/rl.phiexz.com/files/Dream_Theater_-_The_Spirit_Carries_On_(Live_At_Luna_Park)_[YT-f22][Ms83dmBBvUU].mp4";s:4:"size";s:9:"129.43 MB";s:4:"date";i:1397189178;s:4:"link";s:604:"http://r7---sn-o097znee.googlevideo.com/videoplayback?expire=1397215044&fallback_host=tc.v17.cache1.googlevideo.com&fexp=945005%2C901615%2C945814%2C916611%2C937417%2C913434%2C936916%2C934022%2C936923&id=o-ABsdJ6TuXUWw3fx1I84W2jXeh9prsJNGjvXW1w6OkJo6&ip=192.184.90.14&ipbits=0&itag=22&key=yt5&ms=au&mt=1397189112&mv=m&quality=hd720&ratebypass=yes&signature=3B4C90D08F0E158D850FAB3029D014419A97035F.BDA72A8A885641063D80584B789D91CEE0D33C6F&source=youtube&sparams=id%2Cip%2Cipbits%2Citag%2Cratebypass%2Csource%2Cupn%2Cexpire&sver=3&type=video%2Fmp4%3B+codecs%3D%22avc1.64001F%2C+mp4a.40.2%22&upn=T7n7bvdr-Yo";s:7:"comment";s:0:"";}
a:5:{s:4:"name";s:96:"/files/http/rl.phiexz.com/files/TOP_25_Best_Female_Metal___Rock_Voices_[YT-f18][pjA5sfp5G74].mp4";s:4:"size";s:8:"25.33 MB";s:4:"date";i:1397268046;s:4:"link";s:577:"http://r9---sn-o097znes.googlevideo.com/videoplayback?expire=1397293225&fallback_host=tc.v20.cache1.googlevideo.com&fexp=937417%2C913434%2C936916%2C934022%2C936923&id=o-AF-MUACElbkSItSJNDUTAVJNDKCV9F3Wq_8mt7emafG-&ip=192.184.90.14&ipbits=0&itag=18&key=yt5&ms=au&mt=1397267929&mv=m&mws=yes&quality=medium&ratebypass=yes&signature=349375BBCDC1330B149A1FCB990F1D7A5EF0D331.63F4C56F5DE86D4EED179B453779AB92B1AF68E6&source=youtube&sparams=id%2Cip%2Cipbits%2Citag%2Cratebypass%2Csource%2Cupn%2Cexpire&sver=3&type=video%2Fmp4%3B+codecs%3D%22avc1.42001E%2C+mp4a.40.2%22&upn=CHoxP7EH-Ms";s:7:"comment";s:0:"";}
